--------------------------------------------------------------------------------
Release 14.7 Trace  (lin64)
Copyright (c) 1995-2013 Xilinx, Inc.  All rights reserved.

/home/pedrot/Desktop/14.7/ISE_DS/ISE/bin/lin64/unwrapped/trce -intstyle ise -v
3 -s 5 -n 3 -fastpaths -xml peso_de_hamming.twx peso_de_hamming.ncd -o
peso_de_hamming.twr peso_de_hamming.pcf

Design file:              peso_de_hamming.ncd
Physical constraint file: peso_de_hamming.pcf
Device,package,speed:     xc3s500e,fg320,-5 (PRODUCTION 1.27 2013-10-13)
Report level:             verbose report

Environment Variable      Effect 
--------------------      ------ 
NONE                      No environment variables were set
--------------------------------------------------------------------------------

INFO:Timing:2698 - No timing constraints found, doing default enumeration.
INFO:Timing:3412 - To improve timing, see the Timing Closure User Guide (UG612).
INFO:Timing:2752 - To get complete path coverage, use the unconstrained paths 
   option. All paths that are not constrained will be reported in the 
   unconstrained paths section(s) of the report.
INFO:Timing:3339 - The clock-to-out numbers in this timing report are based on 
   a 50 Ohm transmission line loading model.  For the details of this model, 
   and for more information on accounting for different loading conditions, 
   please see the device datasheet.
INFO:Timing:3390 - This architecture does not support a default System Jitter 
   value, please add SYSTEM_JITTER constraint to the UCF to modify the Clock 
   Uncertainty calculation.
INFO:Timing:3389 - This architecture does not support 'Discrete Jitter' and 
   'Phase Error' calculations, these terms will be zero in the Clock 
   Uncertainty calculation.  Please make appropriate modification to 
   SYSTEM_JITTER to account for the unsupported Discrete Jitter and Phase 
   Error.



Data Sheet report:
-----------------
All values displayed in nanoseconds (ns)

Pad to Pad
---------------+---------------+---------+
Source Pad     |Destination Pad|  Delay  |
---------------+---------------+---------+
vector_in<0>   |ssd<0>         |   19.862|
vector_in<0>   |ssd<1>         |   19.062|
vector_in<0>   |ssd<2>         |   20.744|
vector_in<0>   |ssd<3>         |   20.538|
vector_in<0>   |ssd<4>         |   18.503|
vector_in<0>   |ssd<5>         |   19.084|
vector_in<0>   |ssd<6>         |   19.908|
vector_in<1>   |ssd<0>         |   19.730|
vector_in<1>   |ssd<1>         |   18.930|
vector_in<1>   |ssd<2>         |   20.612|
vector_in<1>   |ssd<3>         |   20.406|
vector_in<1>   |ssd<4>         |   18.371|
vector_in<1>   |ssd<5>         |   18.952|
vector_in<1>   |ssd<6>         |   19.776|
vector_in<2>   |ssd<0>         |   18.323|
vector_in<2>   |ssd<1>         |   17.523|
vector_in<2>   |ssd<2>         |   19.205|
vector_in<2>   |ssd<3>         |   18.999|
vector_in<2>   |ssd<4>         |   16.964|
vector_in<2>   |ssd<5>         |   17.545|
vector_in<2>   |ssd<6>         |   18.369|
vector_in<3>   |ssd<0>         |   16.745|
vector_in<3>   |ssd<1>         |   15.945|
vector_in<3>   |ssd<2>         |   17.627|
vector_in<3>   |ssd<3>         |   17.421|
vector_in<3>   |ssd<4>         |   15.386|
vector_in<3>   |ssd<5>         |   15.967|
vector_in<3>   |ssd<6>         |   16.791|
vector_in<4>   |ssd<0>         |   14.957|
vector_in<4>   |ssd<1>         |   14.157|
vector_in<4>   |ssd<2>         |   15.839|
vector_in<4>   |ssd<3>         |   15.633|
vector_in<4>   |ssd<4>         |   13.598|
vector_in<4>   |ssd<5>         |   14.179|
vector_in<4>   |ssd<6>         |   15.003|
vector_in<5>   |ssd<0>         |   13.132|
vector_in<5>   |ssd<1>         |   12.332|
vector_in<5>   |ssd<2>         |   14.014|
vector_in<5>   |ssd<3>         |   13.808|
vector_in<5>   |ssd<4>         |   11.773|
vector_in<5>   |ssd<5>         |   12.354|
vector_in<5>   |ssd<6>         |   13.178|
vector_in<6>   |ssd<0>         |   11.362|
vector_in<6>   |ssd<1>         |   11.009|
vector_in<6>   |ssd<2>         |   12.244|
vector_in<6>   |ssd<3>         |   12.038|
vector_in<6>   |ssd<4>         |   10.254|
vector_in<6>   |ssd<5>         |   10.656|
vector_in<6>   |ssd<6>         |   11.862|
vector_in<7>   |ssd<0>         |    8.448|
vector_in<7>   |ssd<1>         |    8.914|
vector_in<7>   |ssd<2>         |    9.192|
vector_in<7>   |ssd<3>         |    8.986|
vector_in<7>   |ssd<4>         |    8.166|
vector_in<7>   |ssd<5>         |    8.466|
vector_in<7>   |ssd<6>         |    9.709|
---------------+---------------+---------+


Analysis completed Thu Jan 19 20:25:23 2023 
--------------------------------------------------------------------------------

Trace Settings:
-------------------------
Trace Settings 

Peak Memory Usage: 348 MB



