V3 3
FL "/home/pedrot/Desktop/microeletronica/Lab 3/ordenador_binario/ordenador_binario.vhd" 2023/01/19.13:11:50 P.20131013
EN work/ordenador_binario 1674144713 \
      FL "/home/pedrot/Desktop/microeletronica/Lab 3/ordenador_binario/ordenador_binario.vhd" \
      PB ieee/std_logic_1164 1381692176
AR work/ordenador_binario/Behavioral 1674144714 \
      FL "/home/pedrot/Desktop/microeletronica/Lab 3/ordenador_binario/ordenador_binario.vhd" \
      EN work/ordenador_binario 1674144713
