AR ssd behavioral "/home/pedrot/Desktop/microeletronica/Projeto Final/projeto/SSD.vhd" sub00/vhpl01 1675259107
AR ssd_component behavioral "/home/pedrot/Desktop/microeletronica/Projeto Final/projeto/SSD_COMPONENT.vhd" sub00/vhpl07 1675454869
AR projeto behavioral "/home/pedrot/Desktop/microeletronica/Projeto Final/projeto/projeto.vhd" sub00/vhpl03 1675259044
AR projeto_final behavioral "/home/pedrot/Desktop/microeletronica/Projeto Final/projeto/projeto_final.vhd" sub00/vhpl05 1676051668
EN ssd NULL "/home/pedrot/Desktop/microeletronica/Projeto Final/projeto/SSD.vhd" sub00/vhpl00 1675259106
EN ssd_component NULL "/home/pedrot/Desktop/microeletronica/Projeto Final/projeto/SSD_COMPONENT.vhd" sub00/vhpl06 1675454868
EN projeto_final NULL "/home/pedrot/Desktop/microeletronica/Projeto Final/projeto/projeto_final.vhd" sub00/vhpl04 1676051667
EN projeto NULL "/home/pedrot/Desktop/microeletronica/Projeto Final/projeto/projeto.vhd" sub00/vhpl02 1675259043
