V3 12
FL "/home/pedrot/Desktop/microeletronica/Projeto Final/projeto/projeto.vhd" 2023/02/01.10:38:09 P.20131013
EN work/projeto 1675259043 \
      FL "/home/pedrot/Desktop/microeletronica/Projeto Final/projeto/projeto.vhd" \
      PB ieee/std_logic_1164 1381692176
AR work/projeto/Behavioral 1675259044 \
      FL "/home/pedrot/Desktop/microeletronica/Projeto Final/projeto/projeto.vhd" \
      EN work/projeto 1675259043
FL "/home/pedrot/Desktop/microeletronica/Projeto Final/projeto/projeto_final.vhd" 2023/02/10.14:54:24 P.20131013
EN work/projeto_final 1676051667 \
      FL "/home/pedrot/Desktop/microeletronica/Projeto Final/projeto/projeto_final.vhd" \
      PB ieee/std_logic_1164 1381692176
AR work/projeto_final/Behavioral 1676051668 \
      FL "/home/pedrot/Desktop/microeletronica/Projeto Final/projeto/projeto_final.vhd" \
      EN work/projeto_final 1676051667
FL "/home/pedrot/Desktop/microeletronica/Projeto Final/projeto/SSD.vhd" 2023/02/01.10:44:00 P.20131013
EN work/SSD 1675259106 \
      FL "/home/pedrot/Desktop/microeletronica/Projeto Final/projeto/SSD.vhd" \
      PB ieee/std_logic_1164 1381692176
AR work/SSD/Behavioral 1675259107 \
      FL "/home/pedrot/Desktop/microeletronica/Projeto Final/projeto/SSD.vhd" \
      EN work/SSD 1675259106
FL "/home/pedrot/Desktop/microeletronica/Projeto Final/projeto/SSD_COMPONENT.vhd" 2023/02/03.17:05:48 P.20131013
EN work/SSD_COMPONENT 1675454868 \
      FL "/home/pedrot/Desktop/microeletronica/Projeto Final/projeto/SSD_COMPONENT.vhd" \
      PB ieee/std_logic_1164 1381692176
AR work/SSD_COMPONENT/Behavioral 1675454869 \
      FL "/home/pedrot/Desktop/microeletronica/Projeto Final/projeto/SSD_COMPONENT.vhd" \
      EN work/SSD_COMPONENT 1675454868
