V3 11
FL "/home/pedrot/Desktop/microeletronica/Exemplos da aula/ex_componente/circular_shift.vhd" 2023/01/20.14:29:59 P.20131013
EN work/circular_shift 1674235808 \
      FL "/home/pedrot/Desktop/microeletronica/Exemplos da aula/ex_componente/circular_shift.vhd" \
      PB ieee/std_logic_1164 1381692176
AR work/circular_shift/Behavioral 1674235809 \
      FL "/home/pedrot/Desktop/microeletronica/Exemplos da aula/ex_componente/circular_shift.vhd" \
      EN work/circular_shift 1674235808 CP mux CP flipflop
FL "/home/pedrot/Desktop/microeletronica/Exemplos da aula/ex_componente/flipflop.vhd" 2023/01/20.14:28:45 P.20131013
EN work/flipflop 1674235806 \
      FL "/home/pedrot/Desktop/microeletronica/Exemplos da aula/ex_componente/flipflop.vhd" \
      PB ieee/std_logic_1164 1381692176
AR work/flipflop/Behavioral 1674235807 \
      FL "/home/pedrot/Desktop/microeletronica/Exemplos da aula/ex_componente/flipflop.vhd" \
      EN work/flipflop 1674235806
FL "/home/pedrot/Desktop/microeletronica/Exemplos da aula/ex_componente/mux.vhd" 2023/01/20.14:14:02 P.20131013
EN work/mux 1674235804 \
      FL "/home/pedrot/Desktop/microeletronica/Exemplos da aula/ex_componente/mux.vhd" \
      PB ieee/std_logic_1164 1381692176
AR work/mux/Behavioral 1674235805 \
      FL "/home/pedrot/Desktop/microeletronica/Exemplos da aula/ex_componente/mux.vhd" \
      EN work/mux 1674235804
