V3 3
FL "/home/pedrot/Desktop/microeletronica/Projeto Final/estados/selecionar_tempo.vhd" 2023/02/02.20:25:23 P.20131013
EN work/selecionar_tempo 1675380326 \
      FL "/home/pedrot/Desktop/microeletronica/Projeto Final/estados/selecionar_tempo.vhd" \
      PB ieee/std_logic_1164 1381692176
AR work/selecionar_tempo/Behavioral 1675380327 \
      FL "/home/pedrot/Desktop/microeletronica/Projeto Final/estados/selecionar_tempo.vhd" \
      EN work/selecionar_tempo 1675380326
