V3 3
FL "/home/pedrot/Desktop/microeletronica/Lab 2/Projeto3/mag_comparer.vhd" 2022/12/07.13:42:12 P.20131013
EN work/mag_comparer 1670431336 \
      FL "/home/pedrot/Desktop/microeletronica/Lab 2/Projeto3/mag_comparer.vhd" \
      PB ieee/std_logic_1164 1381692176
AR work/mag_comparer/Behavioral 1670431337 \
      FL "/home/pedrot/Desktop/microeletronica/Lab 2/Projeto3/mag_comparer.vhd" \
      EN work/mag_comparer 1670431336
