V3 3
FL "/home/pedrot/Desktop/microeletronica/Lab 2/Projeto3/mag_comparer.vhd" 2022/11/26.16:03:08 P.20131013
EN work/mag_comparer 1669550866 \
      FL "/home/pedrot/Desktop/microeletronica/Lab 2/Projeto3/mag_comparer.vhd" \
      PB ieee/std_logic_1164 1381692176
AR work/mag_comparer/Behavioral 1669550867 \
      FL "/home/pedrot/Desktop/microeletronica/Lab 2/Projeto3/mag_comparer.vhd" \
      EN work/mag_comparer 1669550866
