V3 3
FL "/home/pedrot/Desktop/microeletronica/Lab 4/temporizador1/temporizador1.vhd" 2023/01/22.13:51:48 P.20131013
EN work/temporizador1 1674406310 \
      FL "/home/pedrot/Desktop/microeletronica/Lab 4/temporizador1/temporizador1.vhd" \
      PB ieee/std_logic_1164 1381692176
AR work/temporizador1/Behavioral 1674406311 \
      FL "/home/pedrot/Desktop/microeletronica/Lab 4/temporizador1/temporizador1.vhd" \
      EN work/temporizador1 1674406310
