EN peso_de_hamming NULL "/home/pedrot/Desktop/microeletronica/Lab 3/peso_de_hamming/peso_de_hamming.vhd" sub00/vhpl00 1674170702
AR peso_de_hamming behavioral "/home/pedrot/Desktop/microeletronica/Lab 3/peso_de_hamming/peso_de_hamming.vhd" sub00/vhpl01 1674170703
PB my_package my_package "/home/pedrot/Desktop/microeletronica/Lab 3/peso_de_hamming/my_package.vhd" sub00/vhpl03 1674169957
PH my_package NULL "/home/pedrot/Desktop/microeletronica/Lab 3/peso_de_hamming/my_package.vhd" sub00/vhpl02 1674169956
