V3 6
FL "/home/pedrot/Desktop/microeletronica/Lab 3/peso_de_hamming/my_package.vhd" 2023/01/19.20:03:12 P.20131013
PH work/my_package 1674169956 \
      FL "/home/pedrot/Desktop/microeletronica/Lab 3/peso_de_hamming/my_package.vhd" \
      PB ieee/std_logic_1164 1381692176
PB work/my_package 1674169957 \
      FL "/home/pedrot/Desktop/microeletronica/Lab 3/peso_de_hamming/my_package.vhd" \
      PH work/my_package 1674169956
FL "/home/pedrot/Desktop/microeletronica/Lab 3/peso_de_hamming/peso_de_hamming.vhd" 2023/01/21.17:49:41 P.20131013
EN work/peso_de_hamming 1674334186 \
      FL "/home/pedrot/Desktop/microeletronica/Lab 3/peso_de_hamming/peso_de_hamming.vhd" \
      PB ieee/std_logic_1164 1381692176 PB work/my_package 1674169957
AR work/peso_de_hamming/Behavioral 1674334187 \
      FL "/home/pedrot/Desktop/microeletronica/Lab 3/peso_de_hamming/peso_de_hamming.vhd" \
      EN work/peso_de_hamming 1674334186
