V3 3
FL "/home/pedrot/Desktop/microeletronica/Lab 5/sequential/sequential.vhd" 2023/01/27.15:31:29 P.20131013
EN work/sequential 1674844294 \
      FL "/home/pedrot/Desktop/microeletronica/Lab 5/sequential/sequential.vhd" \
      PB ieee/std_logic_1164 1381692176
AR work/sequential/Behavioral 1674844295 \
      FL "/home/pedrot/Desktop/microeletronica/Lab 5/sequential/sequential.vhd" \
      EN work/sequential 1674844294
