AR somado_paralelo behavioral "/home/pedrot/Desktop/microeletronica/Exemplos da aula/ex2_componente/somado_paralelo.vhd" sub00/vhpl03 1674236888
EN somado_paralelo NULL "/home/pedrot/Desktop/microeletronica/Exemplos da aula/ex2_componente/somado_paralelo.vhd" sub00/vhpl02 1674236887
AR somador_complexo behavioral "/home/pedrot/Desktop/microeletronica/Exemplos da aula/ex2_componente/somador_complexo.vhd" sub00/vhpl01 1674236886
EN somador_complexo NULL "/home/pedrot/Desktop/microeletronica/Exemplos da aula/ex2_componente/somador_complexo.vhd" sub00/vhpl00 1674236885
