AR ssd_component behavioral "/home/pedrot/Desktop/microeletronica/Projeto Final/projeto/SSD_COMPONENT.vhd" sub00/vhpl03 1675346131
AR rolagem behavioral "/home/pedrot/Desktop/microeletronica/Projeto Final/teste_rolagem/rolagem.vhd" sub00/vhpl01 1675371501
EN ssd_component NULL "/home/pedrot/Desktop/microeletronica/Projeto Final/projeto/SSD_COMPONENT.vhd" sub00/vhpl02 1675346130
EN rolagem NULL "/home/pedrot/Desktop/microeletronica/Projeto Final/teste_rolagem/rolagem.vhd" sub00/vhpl00 1675371500
